2026-08-28 13:44:23,505 [INFO] Chưa có data → fetch 90 ngày: 2026-05-30 → 2026-08-27
2026-08-28 13:44:23,959 [INFO] Failed to extract font properties from /usr/share/fonts/truetype/noto/NotoColorEmoji.ttf: Non-scalable fonts are not supported
2026-08-28 13:44:24,004 [INFO] generated new fontManager
2026-08-28 13:44:27,023 [INFO] Device registered: a1691119d2049e96ca73e5b8469e5a77 (version 0.0.1)
2026-08-28 13:44:34,371 [INFO] VCB: ✓ 64 dòng
2026-08-28 13:44:38,667 [INFO] VIC: ✓ 64 dòng
2026-08-28 13:44:42,314 [INFO] VHM: ✓ 64 dòng
2026-08-28 13:44:45,783 [INFO] HPG: ✓ 64 dòng
2026-08-28 13:44:49,873 [INFO] TCB: ✓ 64 dòng
2026-08-28 13:44:53,049 [INFO] MBB: ✓ 64 dòng
2026-08-28 13:44:56,212 [INFO] VNM: ✓ 64 dòng
2026-08-28 13:44:59,451 [INFO] FPT: ✓ 64 dòng
2026-08-28 13:45:03,295 [INFO] MSN: ✓ 64 dòng
2026-08-28 13:45:06,814 [INFO] BID: ✓ 64 dòng
2026-08-28 13:45:06,815 [INFO] === Xong: 10/10 tickers | 640 dòng mới ===
2026-08-31 11:02:18,773 [INFO] Fetch từ 2026-08-28 → 2026-08-30
2026-08-31 11:02:19,098 [INFO] Failed to extract font properties from /usr/share/fonts/truetype/noto/NotoColorEmoji.ttf: Non-scalable fonts are not supported
2026-08-31 11:02:19,113 [INFO] generated new fontManager
2026-08-31 11:02:21,828 [INFO] Device registered: a1691119d2049e96ca73e5b8469e5a77 (version 0.0.1)
2026-08-31 11:02:27,602 [INFO] VCB: ✓ 1 dòng
2026-08-31 11:02:31,727 [INFO] VIC: ✓ 1 dòng
2026-08-31 11:02:35,333 [INFO] VHM: ✓ 1 dòng
2026-08-31 11:02:38,870 [INFO] HPG: ✓ 1 dòng
2026-08-31 11:02:42,842 [INFO] TCB: ✓ 1 dòng
2026-08-31 11:02:46,633 [INFO] MBB: ✓ 1 dòng
2026-08-31 11:02:50,039 [INFO] VNM: ✓ 1 dòng
2026-08-31 11:02:53,294 [INFO] FPT: ✓ 1 dòng
2026-08-31 11:02:56,961 [INFO] MSN: ✓ 1 dòng
2026-08-31 11:03:01,174 [INFO] BID: ✓ 1 dòng
2026-08-31 11:03:01,174 [INFO] === Xong: 10/10 tickers | 10 dòng mới ===
2026-09-01 11:03:32,594 [INFO] Fetch từ 2026-08-29 → 2026-08-31
2026-09-01 11:03:32,905 [INFO] Failed to extract font properties from /usr/share/fonts/truetype/noto/NotoColorEmoji.ttf: Non-scalable fonts are not supported
2026-09-01 11:03:32,941 [INFO] generated new fontManager
2026-09-01 11:03:35,393 [INFO] Device registered: a1691119d2049e96ca73e5b8469e5a77 (version 0.0.1)
2026-09-01 11:03:42,649 [WARNING] VCB: Không có data trong khoảng này
2026-09-01 11:03:47,585 [WARNING] VIC: Không có data trong khoảng này
2026-09-01 11:03:51,480 [WARNING] VHM: Không có data trong khoảng này
2026-09-01 11:03:55,116 [WARNING] HPG: Không có data trong khoảng này
2026-09-01 11:03:58,334 [WARNING] TCB: Không có data trong khoảng này
2026-09-01 11:04:01,617 [WARNING] MBB: Không có data trong khoảng này
2026-09-01 11:04:05,801 [WARNING] VNM: Không có data trong khoảng này
2026-09-01 11:04:09,789 [WARNING] FPT: Không có data trong khoảng này
2026-09-01 11:04:12,885 [WARNING] MSN: Không có data trong khoảng này
2026-09-01 11:04:16,467 [WARNING] BID: Không có data trong khoảng này
2026-09-01 11:04:16,467 [INFO] === Xong: 0/10 tickers | 0 dòng mới ===
2026-09-02 11:03:28,675 [INFO] Fetch từ 2026-08-29 → 2026-09-01
2026-09-02 11:03:29,057 [INFO] Failed to extract font properties from /usr/share/fonts/truetype/noto/NotoColorEmoji.ttf: Non-scalable fonts are not supported
2026-09-02 11:03:29,150 [INFO] generated new fontManager
2026-09-02 11:03:31,612 [INFO] Device registered: a1691119d2049e96ca73e5b8469e5a77 (version 0.0.1)
2026-09-02 11:03:36,845 [WARNING] VCB: Không có data trong khoảng này
2026-09-02 11:03:40,301 [WARNING] VIC: Không có data trong khoảng này
2026-09-02 11:03:42,946 [WARNING] VHM: Không có data trong khoảng này
2026-09-02 11:03:45,918 [WARNING] HPG: Không có data trong khoảng này
2026-09-02 11:03:48,431 [WARNING] TCB: Không có data trong khoảng này
2026-09-02 11:03:51,362 [WARNING] MBB: Không có data trong khoảng này
2026-09-02 11:03:54,258 [WARNING] VNM: Không có data trong khoảng này
2026-09-02 11:03:57,148 [WARNING] FPT: Không có data trong khoảng này
2026-09-02 11:03:59,844 [WARNING] MSN: Không có data trong khoảng này
2026-09-02 11:04:03,633 [WARNING] BID: Không có data trong khoảng này
2026-09-02 11:04:03,633 [INFO] === Xong: 0/10 tickers | 0 dòng mới ===
2026-09-03 11:03:12,786 [INFO] Fetch từ 2026-08-29 → 2026-09-02
2026-09-03 11:03:13,168 [INFO] Failed to extract font properties from /usr/share/fonts/truetype/noto/NotoColorEmoji.ttf: Non-scalable fonts are not supported
2026-09-03 11:03:13,206 [INFO] generated new fontManager
2026-09-03 11:03:16,262 [INFO] Device registered: 73771c5ea2a9dbf45599cbbbd498368f (version 0.0.1)
2026-09-03 11:03:22,866 [WARNING] VCB: Không có data trong khoảng này
2026-09-03 11:03:27,365 [WARNING] VIC: Không có data trong khoảng này
2026-09-03 11:03:31,313 [WARNING] VHM: Không có data trong khoảng này
2026-09-03 11:03:35,201 [WARNING] HPG: Không có data trong khoảng này
2026-09-03 11:03:39,108 [WARNING] TCB: Không có data trong khoảng này
2026-09-03 11:03:42,929 [WARNING] MBB: Không có data trong khoảng này
2026-09-03 11:03:48,029 [WARNING] VNM: Không có data trong khoảng này
2026-09-03 11:03:52,665 [WARNING] FPT: Không có data trong khoảng này
2026-09-03 11:03:56,641 [WARNING] MSN: Không có data trong khoảng này
2026-09-03 11:03:59,997 [WARNING] BID: Không có data trong khoảng này
2026-09-03 11:03:59,997 [INFO] === Xong: 0/10 tickers | 0 dòng mới ===
2026-09-04 11:03:22,257 [INFO] Fetch từ 2026-08-29 → 2026-09-03
2026-09-04 11:03:23,285 [INFO] Failed to extract font properties from /usr/share/fonts/truetype/noto/NotoColorEmoji.ttf: Non-scalable fonts are not supported
2026-09-04 11:03:23,602 [INFO] generated new fontManager
2026-09-04 11:03:26,349 [INFO] Device registered: 73771c5ea2a9dbf45599cbbbd498368f (version 0.0.1)
2026-09-04 11:03:31,927 [INFO] VCB: ✓ 1 dòng
2026-09-04 11:03:36,002 [INFO] VIC: ✓ 1 dòng
2026-09-04 11:03:39,596 [INFO] VHM: ✓ 1 dòng
2026-09-04 11:03:43,302 [INFO] HPG: ✓ 1 dòng
2026-09-04 11:03:46,988 [INFO] TCB: ✓ 1 dòng
2026-09-04 11:03:50,833 [INFO] MBB: ✓ 1 dòng
2026-09-04 11:03:53,693 [INFO] VNM: ✓ 1 dòng
2026-09-04 11:03:58,312 [INFO] FPT: ✓ 1 dòng
2026-09-04 11:04:01,884 [INFO] MSN: ✓ 1 dòng
2026-09-04 11:04:05,519 [INFO] BID: ✓ 1 dòng
2026-09-04 11:04:05,519 [INFO] === Xong: 10/10 tickers | 10 dòng mới ===
2026-09-07 11:03:19,890 [INFO] Fetch từ 2026-09-04 → 2026-09-06
2026-09-07 11:03:20,700 [INFO] Failed to extract font properties from /usr/share/fonts/truetype/noto/NotoColorEmoji.ttf: Non-scalable fonts are not supported
2026-09-07 11:03:20,810 [INFO] generated new fontManager
2026-09-07 11:03:23,723 [INFO] Device registered: 73771c5ea2a9dbf45599cbbbd498368f (version 0.0.1)
2026-09-07 11:03:30,398 [INFO] VCB: ✓ 1 dòng
2026-09-07 11:03:34,339 [INFO] VIC: ✓ 1 dòng
2026-09-07 11:03:37,293 [INFO] VHM: ✓ 1 dòng
2026-09-07 11:03:40,402 [INFO] HPG: ✓ 1 dòng
2026-09-07 11:03:43,482 [INFO] TCB: ✓ 1 dòng
2026-09-07 11:03:46,205 [INFO] MBB: ✓ 1 dòng
2026-09-07 11:03:48,857 [INFO] VNM: ✓ 1 dòng
2026-09-07 11:03:51,542 [INFO] FPT: ✓ 1 dòng
2026-09-07 11:03:54,487 [INFO] MSN: ✓ 1 dòng
2026-09-07 11:03:58,068 [INFO] BID: ✓ 1 dòng
2026-09-07 11:03:58,068 [INFO] === Xong: 10/10 tickers | 10 dòng mới ===
2026-09-08 14:49:21,881 [INFO] Fetch từ 2026-09-05 → 2026-09-07
2026-09-08 14:49:22,269 [INFO] Failed to extract font properties from /usr/share/fonts/truetype/noto/NotoColorEmoji.ttf: Non-scalable fonts are not supported
2026-09-08 14:49:22,300 [INFO] generated new fontManager
2026-09-08 14:49:25,009 [INFO] Device registered: 73771c5ea2a9dbf45599cbbbd498368f (version 0.0.1)
2026-09-08 14:49:30,157 [INFO] VCB: ✓ 1 dòng
2026-09-08 14:49:33,768 [INFO] VIC: ✓ 1 dòng
2026-09-08 14:49:36,897 [INFO] VHM: ✓ 1 dòng
2026-09-08 14:49:40,067 [INFO] HPG: ✓ 1 dòng
2026-09-08 14:49:42,598 [INFO] TCB: ✓ 1 dòng
2026-09-08 14:49:45,355 [INFO] MBB: ✓ 1 dòng
2026-09-08 14:49:48,286 [INFO] VNM: ✓ 1 dòng
2026-09-08 14:49:50,862 [INFO] FPT: ✓ 1 dòng
2026-09-08 14:49:53,730 [INFO] MSN: ✓ 1 dòng
2026-09-08 14:49:56,614 [INFO] BID: ✓ 1 dòng
2026-09-08 14:49:56,614 [INFO] === Xong: 10/10 tickers | 10 dòng mới ===
2026-09-09 14:53:39,538 [INFO] Fetch từ 2026-09-08 → 2026-09-08
2026-09-09 14:53:40,041 [INFO] Failed to extract font properties from /usr/share/fonts/truetype/noto/NotoColorEmoji.ttf: Non-scalable fonts are not supported
2026-09-09 14:53:40,113 [INFO] generated new fontManager
2026-09-09 14:53:42,618 [INFO] Device registered: 9990f92d03594fdcf5aeb9cbcf71abcb (version 0.0.1)
2026-09-09 14:53:48,322 [INFO] VCB: ✓ 1 dòng
2026-09-09 14:53:52,574 [INFO] VIC: ✓ 1 dòng
2026-09-09 14:53:56,709 [INFO] VHM: ✓ 1 dòng
2026-09-09 14:54:00,681 [INFO] HPG: ✓ 1 dòng
2026-09-09 14:54:04,440 [INFO] TCB: ✓ 1 dòng
2026-09-09 14:54:07,975 [INFO] MBB: ✓ 1 dòng
2026-09-09 14:54:12,328 [INFO] VNM: ✓ 1 dòng
2026-09-09 14:54:16,301 [INFO] FPT: ✓ 1 dòng
2026-09-09 14:54:20,699 [INFO] MSN: ✓ 1 dòng
2026-09-09 14:54:24,783 [INFO] BID: ✓ 1 dòng
2026-09-09 14:54:24,783 [INFO] === Xong: 10/10 tickers | 10 dòng mới ===
2026-09-10 14:41:55,059 [INFO] Fetch từ 2026-09-09 → 2026-09-09
2026-09-10 14:41:55,681 [INFO] Failed to extract font properties from /usr/share/fonts/truetype/noto/NotoColorEmoji.ttf: Non-scalable fonts are not supported
2026-09-10 14:41:56,462 [INFO] generated new fontManager
2026-09-10 14:41:59,207 [INFO] Device registered: 9990f92d03594fdcf5aeb9cbcf71abcb (version 0.0.1)
2026-09-10 14:42:05,299 [INFO] VCB: ✓ 1 dòng
2026-09-10 14:42:09,978 [INFO] VIC: ✓ 1 dòng
2026-09-10 14:42:13,828 [INFO] VHM: ✓ 1 dòng
2026-09-10 14:42:17,969 [INFO] HPG: ✓ 1 dòng
2026-09-10 14:42:21,754 [INFO] TCB: ✓ 1 dòng
2026-09-10 14:42:25,267 [INFO] MBB: ✓ 1 dòng
2026-09-10 14:42:29,651 [INFO] VNM: ✓ 1 dòng
2026-09-10 14:42:33,616 [INFO] FPT: ✓ 1 dòng
2026-09-10 14:42:38,140 [INFO] MSN: ✓ 1 dòng
2026-09-10 14:42:41,557 [INFO] BID: ✓ 1 dòng
2026-09-10 14:42:41,557 [INFO] === Xong: 10/10 tickers | 10 dòng mới ===
2026-09-11 14:40:36,492 [INFO] Fetch từ 2026-09-10 → 2026-09-10
2026-09-11 14:40:36,881 [INFO] Failed to extract font properties from /usr/share/fonts/truetype/noto/NotoColorEmoji.ttf: Non-scalable fonts are not supported
2026-09-11 14:40:37,010 [INFO] generated new fontManager
2026-09-11 14:40:39,218 [INFO] Device registered: 9990f92d03594fdcf5aeb9cbcf71abcb (version 0.0.1)
2026-09-11 14:40:44,827 [INFO] VCB: ✓ 1 dòng
2026-09-11 14:40:48,110 [INFO] VIC: ✓ 1 dòng
2026-09-11 14:40:51,290 [INFO] VHM: ✓ 1 dòng
2026-09-11 14:40:54,357 [INFO] HPG: ✓ 1 dòng
2026-09-11 14:40:57,004 [INFO] TCB: ✓ 1 dòng
2026-09-11 14:40:59,943 [INFO] MBB: ✓ 1 dòng
2026-09-11 14:41:03,116 [INFO] VNM: ✓ 1 dòng
2026-09-11 14:41:05,841 [INFO] FPT: ✓ 1 dòng
2026-09-11 14:41:08,967 [INFO] MSN: ✓ 1 dòng
2026-09-11 14:41:12,391 [INFO] BID: ✓ 1 dòng
2026-09-11 14:41:12,391 [INFO] === Xong: 10/10 tickers | 10 dòng mới ===
2026-09-14 16:41:13,321 [INFO] Fetch từ 2026-09-11 → 2026-09-13
2026-09-14 16:41:15,404 [INFO] Failed to extract font properties from /usr/share/fonts/truetype/noto/NotoColorEmoji.ttf: Non-scalable fonts are not supported
2026-09-14 16:41:15,744 [INFO] generated new fontManager
2026-09-14 16:41:18,422 [INFO] Device registered: 9990f92d03594fdcf5aeb9cbcf71abcb (version 0.0.1)
2026-09-14 16:41:24,940 [INFO] VCB: ✓ 1 dòng
2026-09-14 16:41:29,180 [INFO] VIC: ✓ 1 dòng
2026-09-14 16:41:32,621 [INFO] VHM: ✓ 1 dòng
2026-09-14 16:41:37,147 [INFO] HPG: ✓ 1 dòng
2026-09-14 16:41:41,514 [INFO] TCB: ✓ 1 dòng
2026-09-14 16:41:45,140 [INFO] MBB: ✓ 1 dòng
2026-09-14 16:41:50,184 [INFO] VNM: ✓ 1 dòng
2026-09-14 16:41:53,680 [INFO] FPT: ✓ 1 dòng
2026-09-14 16:41:59,037 [INFO] MSN: ✓ 1 dòng
2026-09-14 16:42:02,343 [INFO] BID: ✓ 1 dòng
2026-09-14 16:42:02,343 [INFO] === Xong: 10/10 tickers | 10 dòng mới ===
2026-09-15 15:20:25,555 [INFO] Fetch từ 2026-09-12 → 2026-09-14
2026-09-15 15:20:25,915 [INFO] Failed to extract font properties from /usr/share/fonts/truetype/noto/NotoColorEmoji.ttf: Non-scalable fonts are not supported
2026-09-15 15:20:26,006 [INFO] generated new fontManager
2026-09-15 15:20:28,228 [INFO] Device registered: 9990f92d03594fdcf5aeb9cbcf71abcb (version 0.0.1)
2026-09-15 15:20:32,755 [INFO] VCB: ✓ 1 dòng
2026-09-15 15:20:35,863 [INFO] VIC: ✓ 1 dòng
2026-09-15 15:20:38,595 [INFO] VHM: ✓ 1 dòng
2026-09-15 15:20:41,223 [INFO] HPG: ✓ 1 dòng
2026-09-15 15:20:44,322 [INFO] TCB: ✓ 1 dòng
2026-09-15 15:20:46,851 [INFO] MBB: ✓ 1 dòng
2026-09-15 15:20:49,441 [INFO] VNM: ✓ 1 dòng
2026-09-15 15:20:52,389 [INFO] FPT: ✓ 1 dòng
2026-09-15 15:20:54,945 [INFO] MSN: ✓ 1 dòng
2026-09-15 15:20:57,525 [INFO] BID: ✓ 1 dòng
2026-09-15 15:20:57,525 [INFO] === Xong: 10/10 tickers | 10 dòng mới ===
2026-09-16 15:13:00,826 [INFO] Fetch từ 2026-09-15 → 2026-09-15
2026-09-16 15:13:01,826 [INFO] Failed to extract font properties from /usr/share/fonts/truetype/noto/NotoColorEmoji.ttf: Non-scalable fonts are not supported
2026-09-16 15:13:02,307 [INFO] generated new fontManager
2026-09-16 15:13:05,223 [INFO] Device registered: 9990f92d03594fdcf5aeb9cbcf71abcb (version 0.0.1)
2026-09-16 15:13:10,249 [INFO] VCB: ✓ 1 dòng
2026-09-16 15:13:14,452 [INFO] VIC: ✓ 1 dòng
2026-09-16 15:13:17,924 [INFO] VHM: ✓ 1 dòng
2026-09-16 15:13:21,296 [INFO] HPG: ✓ 1 dòng
2026-09-16 15:13:24,606 [INFO] TCB: ✓ 1 dòng
2026-09-16 15:13:27,364 [INFO] MBB: ✓ 1 dòng
2026-09-16 15:13:30,625 [INFO] VNM: ✓ 1 dòng
2026-09-16 15:13:34,118 [INFO] FPT: ✓ 1 dòng
2026-09-16 15:13:36,931 [INFO] MSN: ✓ 1 dòng
2026-09-16 15:13:43,945 [INFO] BID: ✓ 1 dòng
2026-09-16 15:13:43,945 [INFO] === Xong: 10/10 tickers | 10 dòng mới ===
2026-09-17 15:21:52,797 [INFO] Fetch từ 2026-09-16 → 2026-09-16
2026-09-17 15:21:53,324 [INFO] Failed to extract font properties from /usr/share/fonts/truetype/noto/NotoColorEmoji.ttf: Non-scalable fonts are not supported
2026-09-17 15:21:53,595 [INFO] generated new fontManager
2026-09-17 15:21:59,731 [INFO] Device registered: 9990f92d03594fdcf5aeb9cbcf71abcb (version 0.0.1)
2026-09-17 15:22:04,118 [INFO] VCB: ✓ 1 dòng
2026-09-17 15:22:07,295 [INFO] VIC: ✓ 1 dòng
2026-09-17 15:22:10,177 [INFO] VHM: ✓ 1 dòng
2026-09-17 15:22:13,529 [INFO] HPG: ✓ 1 dòng
2026-09-17 15:22:16,362 [INFO] TCB: ✓ 1 dòng
2026-09-17 15:22:19,028 [INFO] MBB: ✓ 1 dòng
2026-09-17 15:22:21,844 [INFO] VNM: ✓ 1 dòng
2026-09-17 15:22:24,495 [INFO] FPT: ✓ 1 dòng
2026-09-17 15:22:27,152 [INFO] MSN: ✓ 1 dòng
2026-09-17 15:22:30,192 [INFO] BID: ✓ 1 dòng
2026-09-17 15:22:30,192 [INFO] === Xong: 10/10 tickers | 10 dòng mới ===
2026-09-18 14:42:03,220 [INFO] Fetch từ 2026-09-17 → 2026-09-17
2026-09-18 14:42:03,955 [INFO] Failed to extract font properties from /usr/share/fonts/truetype/noto/NotoColorEmoji.ttf: Non-scalable fonts are not supported
2026-09-18 14:42:04,237 [INFO] generated new fontManager
2026-09-18 14:42:06,754 [INFO] Device registered: 9990f92d03594fdcf5aeb9cbcf71abcb (version 0.0.1)
2026-09-18 14:42:11,270 [INFO] VCB: ✓ 1 dòng
2026-09-18 14:42:15,964 [INFO] VIC: ✓ 1 dòng
2026-09-18 14:42:19,718 [INFO] VHM: ✓ 1 dòng
2026-09-18 14:42:22,994 [INFO] HPG: ✓ 1 dòng
2026-09-18 14:42:26,172 [INFO] TCB: ✓ 1 dòng
2026-09-18 14:42:29,084 [INFO] MBB: ✓ 1 dòng
2026-09-18 14:42:32,298 [INFO] VNM: ✓ 1 dòng
2026-09-18 14:42:36,801 [INFO] FPT: ✓ 1 dòng
2026-09-18 14:42:41,186 [INFO] MSN: ✓ 1 dòng
2026-09-18 14:42:44,647 [INFO] BID: ✓ 1 dòng
2026-09-18 14:42:44,648 [INFO] === Xong: 10/10 tickers | 10 dòng mới ===
2026-09-21 16:41:45,732 [INFO] Fetch từ 2026-09-18 → 2026-09-20
2026-09-21 16:41:46,071 [INFO] Failed to extract font properties from /usr/share/fonts/truetype/noto/NotoColorEmoji.ttf: Non-scalable fonts are not supported
2026-09-21 16:41:46,153 [INFO] generated new fontManager
2026-09-21 16:41:56,289 [INFO] Device registered: 9990f92d03594fdcf5aeb9cbcf71abcb (version 0.0.1)
2026-09-21 16:42:16,897 [INFO] VCB: ✓ 1 dòng
2026-09-21 16:42:43,734 [INFO] VIC: ✓ 1 dòng
2026-09-21 16:43:09,536 [INFO] VHM: ✓ 1 dòng
2026-09-21 16:43:36,875 [INFO] HPG: ✓ 1 dòng
2026-09-21 16:44:03,586 [INFO] TCB: ✓ 1 dòng
2026-09-21 16:44:30,018 [INFO] MBB: ✓ 1 dòng
2026-09-21 16:45:14,961 [INFO] VNM: ✓ 1 dòng
2026-09-21 16:45:42,588 [INFO] FPT: ✓ 1 dòng
2026-09-21 16:46:09,603 [INFO] MSN: ✓ 1 dòng
2026-09-21 16:46:36,650 [INFO] BID: ✓ 1 dòng
2026-09-21 16:46:36,651 [INFO] === Xong: 10/10 tickers | 10 dòng mới ===
2026-09-22 15:14:50,876 [INFO] Fetch từ 2026-09-19 → 2026-09-21
2026-09-22 15:14:51,921 [INFO] Failed to extract font properties from /usr/share/fonts/truetype/noto/NotoColorEmoji.ttf: Non-scalable fonts are not supported
2026-09-22 15:14:53,117 [INFO] generated new fontManager
2026-09-22 15:14:57,909 [INFO] Device registered: 9990f92d03594fdcf5aeb9cbcf71abcb (version 0.0.1)
2026-09-22 15:15:04,221 [INFO] VCB: ✓ 1 dòng
2026-09-22 15:15:07,847 [INFO] VIC: ✓ 1 dòng
2026-09-22 15:15:10,898 [INFO] VHM: ✓ 1 dòng
2026-09-22 15:15:14,323 [INFO] HPG: ✓ 1 dòng
2026-09-22 15:15:18,230 [INFO] TCB: ✓ 1 dòng
2026-09-22 15:15:21,716 [INFO] MBB: ✓ 1 dòng
2026-09-22 15:15:25,320 [INFO] VNM: ✓ 1 dòng
2026-09-22 15:15:30,427 [INFO] FPT: ✓ 1 dòng
2026-09-22 15:15:34,091 [INFO] MSN: ✓ 1 dòng
2026-09-22 15:15:36,902 [INFO] BID: ✓ 1 dòng
2026-09-22 15:15:36,902 [INFO] === Xong: 10/10 tickers | 10 dòng mới ===
